21:17:26.077  261  DEBUG fr.sparna.rdf.xls2rdf.app.Convert - Will use output format : text/turtle
21:17:26.081  265  DEBUG fr.sparna.rdf.xls2rdf.app.Convert - Will use ModelWriter : fr.sparna.rdf.xls2rdf.OutputStreamModelWriter
21:17:26.928  1112 DEBUG f.s.rdf.xls2rdf.Xls2RdfConverter - Processing sheet: controlled-terminology
21:17:26.932  1116 INFO  f.sparna.rdf.xls2rdf.RdfizableSheet - Found proper property in header : http://purl.ontoforge.org/wedo/reilatax
21:17:26.933  1117 INFO  f.sparna.rdf.xls2rdf.RdfizableSheet - Found proper property in header : http://purl.org/dc/terms/
21:17:26.933  1117 INFO  f.sparna.rdf.xls2rdf.RdfizableSheet - Found proper property in header : http://www.w3.org/1999/02/22-rdf-syntax-ns#
21:17:26.934  1118 INFO  f.sparna.rdf.xls2rdf.RdfizableSheet - Found proper property in header : http://www.w3.org/2000/01/rdf-schema#
21:17:26.935  1119 INFO  f.sparna.rdf.xls2rdf.RdfizableSheet - Found proper property in header : https://orcid.org/0000-0002-6570-6966
21:17:26.936  1120 INFO  f.sparna.rdf.xls2rdf.RdfizableSheet - Found proper property in header : https://orcid.org/0000-0002-6570-6966
21:17:26.936  1120 INFO  f.sparna.rdf.xls2rdf.RdfizableSheet - Found proper property in header : https://doi.org/10.1016/j.rser.2014.10.087
21:17:26.939  1123 INFO  f.sparna.rdf.xls2rdf.RdfizableSheet - Found proper property in header : http://www.w3.org/2004/02/skos/core#prefLabel
21:17:26.940  1124 INFO  f.sparna.rdf.xls2rdf.RdfizableSheet - Found proper property in header : http://www.w3.org/2004/02/skos/core#definition
21:17:26.941  1125 INFO  f.sparna.rdf.xls2rdf.RdfizableSheet - Found proper property in header : http://www.w3.org/2004/02/skos/core#altLabel
21:17:26.941  1125 INFO  f.sparna.rdf.xls2rdf.RdfizableSheet - Found proper property in header : http://www.w3.org/2004/02/skos/core#broader
21:17:26.941  1125 INFO  f.sparna.rdf.xls2rdf.RdfizableSheet - Found proper property in header : http://www.w3.org/2004/02/skos/core#exactMatch
21:17:26.942  1126 INFO  f.sparna.rdf.xls2rdf.RdfizableSheet - Found proper property in header : http://purl.org/dc/terms/creator
21:17:26.942  1126 INFO  f.sparna.rdf.xls2rdf.RdfizableSheet - Found proper property in header : http://purl.org/dc/terms/contributor
21:17:26.942  1126 INFO  f.sparna.rdf.xls2rdf.RdfizableSheet - Found proper property in header : http://www.w3.org/2004/02/skos/core#editorialNote
21:17:26.942  1126 INFO  f.sparna.rdf.xls2rdf.RdfizableSheet - Found proper property in header : http://purl.ontoforge.org/wedo/reilataxhierarchyLevel
21:17:26.942  1126 INFO  f.sparna.rdf.xls2rdf.RdfizableSheet - Found at least 2 headers with proper property declaration in the first 10 columns, title row is at index 18
21:17:26.943  1127 DEBUG f.s.rdf.xls2rdf.Xls2RdfConverter - Found title row at index 18
21:17:26.944  1128 DEBUG f.s.rdf.xls2rdf.Xls2RdfConverter - Adding value on header object "Reliawind Taxonomy of Wind Turbine Components" with lang en
21:17:26.946  1130 DEBUG f.s.rdf.xls2rdf.Xls2RdfConverter - Adding value on header object "Reliawind Taxonomy of Wind Turbine Components" with lang en
21:17:26.947  1131 DEBUG f.s.rdf.xls2rdf.Xls2RdfConverter - Adding value on header object "A taxonomical organization of wind turbine compenents used within Reliawind project." with lang en
21:17:26.947  1131 DEBUG f.s.rdf.xls2rdf.Xls2RdfConverter - Adding value on header object "https://orcid.org/0000-0002-6570-6966" with lang en
21:17:26.947  1131 DEBUG f.s.rdf.xls2rdf.Xls2RdfConverter - Adding value on header object "https://orcid.org/0000-0002-6570-6966" with lang en
21:17:26.948  1132 DEBUG f.s.rdf.xls2rdf.Xls2RdfConverter - Adding value on header object "https://doi.org/10.1016/j.rser.2014.10.087" with lang en
21:17:26.948  1132 ERROR f.s.rdf.xls2rdf.ColumnHeaderParser - Unsuccessfull parsing of header parameters for header 'Replace cells B1, B2 and C2, and B5 through B12; B11 and B12 should be updated with every modification). (As well as these comments, if desired.)', Exception is java.lang.ArrayIndexOutOfBoundsException : Index 1 out of bounds for length 1
21:17:26.948  1132 DEBUG f.s.rdf.xls2rdf.Xls2RdfConverter - Converting data with these column headers: 
21:17:26.948  1132 DEBUG f.s.rdf.xls2rdf.Xls2RdfConverter - ColumnHeader [originalValue=Identifier, language=Optional.empty, datatype=Optional.empty, property=null, declaredProperty=Identifier, inverse=false, parameters={}, id=null, reconcileOn=null, headerCell=Identifier]
21:17:26.948  1132 DEBUG f.s.rdf.xls2rdf.Xls2RdfConverter - ColumnHeader [originalValue=skos:prefLabel@en, language=Optional[en], datatype=Optional.empty, property=http://www.w3.org/2004/02/skos/core#prefLabel, declaredProperty=skos:prefLabel, inverse=false, parameters={}, id=null, reconcileOn=null, headerCell=skos:prefLabel@en]
21:17:26.949  1133 DEBUG f.s.rdf.xls2rdf.Xls2RdfConverter - ColumnHeader [originalValue=skos:definition@en, language=Optional[en], datatype=Optional.empty, property=http://www.w3.org/2004/02/skos/core#definition, declaredProperty=skos:definition, inverse=false, parameters={}, id=null, reconcileOn=null, headerCell=skos:definition@en]
21:17:26.949  1133 DEBUG f.s.rdf.xls2rdf.Xls2RdfConverter - ColumnHeader [originalValue=skos:altLabel(separator=","), language=Optional.empty, datatype=Optional.empty, property=http://www.w3.org/2004/02/skos/core#altLabel, declaredProperty=skos:altLabel, inverse=false, parameters={separator=,}, id=null, reconcileOn=null, headerCell=skos:altLabel(separator=",")]
21:17:26.949  1133 DEBUG f.s.rdf.xls2rdf.Xls2RdfConverter - ColumnHeader [originalValue=skos:broader(separator=","), language=Optional.empty, datatype=Optional.empty, property=http://www.w3.org/2004/02/skos/core#broader, declaredProperty=skos:broader, inverse=false, parameters={separator=,}, id=null, reconcileOn=null, headerCell=skos:broader(separator=",")]
21:17:26.949  1133 DEBUG f.s.rdf.xls2rdf.Xls2RdfConverter - ColumnHeader [originalValue=skos:exactMatch(separator=","), language=Optional.empty, datatype=Optional.empty, property=http://www.w3.org/2004/02/skos/core#exactMatch, declaredProperty=skos:exactMatch, inverse=false, parameters={separator=,}, id=null, reconcileOn=null, headerCell=skos:exactMatch(separator=",")]
21:17:26.949  1133 DEBUG f.s.rdf.xls2rdf.Xls2RdfConverter - ColumnHeader [originalValue=dct:creator(separator=","), language=Optional.empty, datatype=Optional.empty, property=http://purl.org/dc/terms/creator, declaredProperty=dct:creator, inverse=false, parameters={separator=,}, id=null, reconcileOn=null, headerCell=dct:creator(separator=",")]
21:17:26.949  1133 DEBUG f.s.rdf.xls2rdf.Xls2RdfConverter - ColumnHeader [originalValue=dct:contributor(separator=","), language=Optional.empty, datatype=Optional.empty, property=http://purl.org/dc/terms/contributor, declaredProperty=dct:contributor, inverse=false, parameters={separator=,}, id=null, reconcileOn=null, headerCell=dct:contributor(separator=",")]
21:17:26.949  1133 DEBUG f.s.rdf.xls2rdf.Xls2RdfConverter - ColumnHeader [originalValue=skos:editorialNote@en, language=Optional[en], datatype=Optional.empty, property=http://www.w3.org/2004/02/skos/core#editorialNote, declaredProperty=skos:editorialNote, inverse=false, parameters={}, id=null, reconcileOn=null, headerCell=skos:editorialNote@en]
21:17:26.949  1133 DEBUG f.s.rdf.xls2rdf.Xls2RdfConverter - ColumnHeader [originalValue=reliatax:hierarchyLevel, language=Optional.empty, datatype=Optional.empty, property=http://purl.ontoforge.org/wedo/reilataxhierarchyLevel, declaredProperty=reliatax:hierarchyLevel, inverse=false, parameters={}, id=null, reconcileOn=null, headerCell=reliatax:hierarchyLevel]
21:17:26.949  1133 DEBUG f.s.rdf.xls2rdf.Xls2RdfConverter - ColumnHeader [originalValue=rdf:type, language=Optional.empty, datatype=Optional.empty, property=http://www.w3.org/1999/02/22-rdf-syntax-ns#type, declaredProperty=rdf:type, inverse=false, parameters={}, id=null, reconcileOn=null, headerCell=rdf:type]
21:17:26.949  1133 DEBUG f.s.rdf.xls2rdf.Xls2RdfConverter - ColumnHeader [originalValue=rdfs:label, language=Optional.empty, datatype=Optional.empty, property=http://www.w3.org/2000/01/rdf-schema#label, declaredProperty=rdfs:label, inverse=false, parameters={}, id=null, reconcileOn=null, headerCell=rdfs:label]
21:17:26.949  1133 INFO  f.s.rdf.xls2rdf.Xls2RdfConverter - Converting rows...
21:17:27.036  1220 INFO  f.s.rdf.xls2rdf.Xls2RdfConverter - Applying SKOS post-processings on the result
21:17:27.037  1221 DEBUG f.s.rdf.xls2rdf.SkosPostProcessor - Postprocessing : SkosPostProcessor
21:17:27.043  1227 DEBUG f.s.rdf.xls2rdf.SkosPostProcessor - Considering main resource like a ConceptScheme.
21:17:27.053  1237 DEBUG f.s.rdf.xls2rdf.SkosPostProcessor - Adding inverse skos:broader and skos:narrower
21:17:27.070  1254 DEBUG f.s.rdf.xls2rdf.SkosPostProcessor - Adding skos:inScheme
21:17:27.078  1262 DEBUG f.s.rdf.xls2rdf.SkosPostProcessor - Setting rdf:type skos:ConceptScheme to main resource
21:17:27.079  1263 DEBUG f.s.rdf.xls2rdf.SkosPostProcessor - Adding skos:hasTopConcept / skos:topConceptOf
21:17:27.084  1268 DEBUG f.s.rdf.xls2rdf.Xls2RdfConverter - Saving graph of 2045 statements generated from Sheet controlled-terminology
